
> isafari-global@0.1.0 build
> vite build

vite v5.0.0 building for production...
transforming...
✓ 1677 modules transformed.
rendering chunks...
computing gzip size...
dist/index.html                     0.88 kB │ gzip:   0.49 kB
dist/assets/index-CTJrAoeD.css     69.53 kB │ gzip:  12.22 kB
dist/assets/index-BzYvUS-Y.js   3,113.76 kB │ gzip: 474.59 kB
✓ built in 42.20s
